// Jest Snapshot v1, https://goo.gl/fbAQLP

exports[`workers/global/config/parse/index .parseConfigs(env, defaultArgv) reads home dir configs 1`] = `
Object {
  "addLabels": Array [],
  "additionalBranchPrefix": "",
  "additionalReviewers": Array [],
  "aliases": Object {},
  "allowCustomCrateRegistries": false,
  "allowPostUpgradeCommandTemplating": false,
  "allowScripts": false,
  "allowedPostUpgradeCommands": Array [],
  "ansible": Object {
    "fileMatch": Array [
      "(^|/)tasks/[^/]+\\\\.ya?ml$",
    ],
  },
  "ansible-galaxy": Object {
    "fileMatch": Array [
      "(^|/)requirements\\\\.ya?ml$",
      "(^|/)galaxy\\\\.ya?ml$",
    ],
  },
  "argocd": Object {
    "fileMatch": Array [],
  },
  "assignAutomerge": false,
  "assignees": Array [],
  "assigneesFromCodeOwners": false,
  "assigneesSampleSize": null,
  "autodiscover": false,
  "autodiscoverFilter": null,
  "automerge": false,
  "automergeComment": "automergeComment",
  "automergeType": "pr",
  "azure-pipelines": Object {
    "fileMatch": Array [
      "azure.*pipelines?.*\\\\.ya?ml$",
    ],
  },
  "azureAutoApprove": false,
  "azureAutoComplete": false,
  "azureWorkItemId": 0,
  "baseBranches": Array [],
  "baseDir": null,
  "batect": Object {
    "fileMatch": Array [
      "(^|/)batect(-bundle)?\\\\.yml$",
    ],
  },
  "batect-wrapper": Object {
    "fileMatch": Array [
      "(^|/)batect$",
    ],
    "versioning": "semver",
  },
  "bazel": Object {
    "fileMatch": Array [
      "(^|/)WORKSPACE(|\\\\.bazel)$",
      "\\\\.bzl$",
    ],
  },
  "bbUseDefaultReviewers": true,
  "binarySource": "global",
  "branchConcurrentLimit": null,
  "branchName": "{{{branchPrefix}}}{{{additionalBranchPrefix}}}{{{branchTopic}}}",
  "branchPrefix": "renovate/",
  "branchTopic": "{{{depNameSanitized}}}-{{{newMajor}}}{{#if separateMinorPatch}}{{#if isPatch}}.{{{newMinor}}}{{/if}}{{/if}}.x{{#if isLockfileUpdate}}-lockfile{{/if}}",
  "buildkite": Object {
    "commitMessageExtra": "to {{#if isMajor}}v{{{newMajor}}}{{else}}{{{newValue}}}{{/if}}",
    "commitMessageTopic": "buildkite plugin {{depName}}",
    "fileMatch": Array [
      "buildkite\\\\.ya?ml",
      "\\\\.buildkite/.+\\\\.ya?ml$",
    ],
  },
  "bumpVersion": null,
  "bundler": Object {
    "fileMatch": Array [
      "(^|/)Gemfile$",
    ],
    "versioning": "ruby",
  },
  "cacheDir": null,
  "cake": Object {
    "fileMatch": Array [
      "\\\\.cake$",
    ],
  },
  "cargo": Object {
    "commitMessageTopic": "Rust crate {{depName}}",
    "fileMatch": Array [
      "(^|/)Cargo.toml$",
    ],
    "rangeStrategy": "bump",
    "versioning": "cargo",
  },
  "cdnurl": Object {
    "fileMatch": Array [],
    "versioning": "semver",
  },
  "circleci": Object {
    "fileMatch": Array [
      "(^|/).circleci/config.yml$",
    ],
  },
  "cloneSubmodules": true,
  "cloudbuild": Object {
    "fileMatch": Array [
      "(^|/)cloudbuild.ya?ml",
    ],
  },
  "cocoapods": Object {
    "fileMatch": Array [
      "(^|/)Podfile$",
    ],
    "versioning": "ruby",
  },
  "commitBody": null,
  "commitBodyTable": false,
  "commitMessage": "{{{commitMessagePrefix}}} {{{commitMessageAction}}} {{{commitMessageTopic}}} {{{commitMessageExtra}}} {{{commitMessageSuffix}}}",
  "commitMessageAction": "Update",
  "commitMessageExtra": "to {{#if isMajor}}v{{{newMajor}}}{{else}}{{#if isSingleVersion}}v{{{newVersion}}}{{else}}{{{newValue}}}{{/if}}{{/if}}",
  "commitMessagePrefix": null,
  "commitMessageSuffix": null,
  "commitMessageTopic": "dependency {{depName}}",
  "composer": Object {
    "fileMatch": Array [
      "(^|/)([\\\\w-]*)composer.json$",
    ],
    "versioning": "composer",
  },
  "composerIgnorePlatformReqs": true,
  "configWarningReuseIssue": true,
  "constraints": Object {},
  "customEnvVariables": Object {},
  "dependencyDashboard": false,
  "dependencyDashboardApproval": false,
  "dependencyDashboardAutoclose": false,
  "dependencyDashboardFooter": null,
  "dependencyDashboardHeader": "This issue contains a list of Renovate updates and their statuses.",
  "dependencyDashboardTitle": "Dependency Dashboard",
  "deps-edn": Object {
    "fileMatch": Array [
      "(^|/)deps\\\\.edn$",
    ],
    "versioning": "maven",
  },
  "description": Array [],
  "digest": Object {
    "branchTopic": "{{{depNameSanitized}}}-digest",
    "commitMessageExtra": "to {{newDigestShort}}",
    "commitMessageTopic": "{{{depName}}} commit hash",
  },
  "docker": Object {
    "versioning": "docker",
  },
  "docker-compose": Object {
    "fileMatch": Array [
      "(^|/)docker-compose[^/]*\\\\.ya?ml$",
    ],
  },
  "dockerChildPrefix": "renovate_",
  "dockerImagePrefix": "docker.io/renovate",
  "dockerUser": null,
  "dockerfile": Object {
    "fileMatch": Array [
      "(^|/|\\\\.)Dockerfile$",
      "(^|/)Dockerfile\\\\.[^/]*$",
    ],
  },
  "dotnet": Object {},
  "draftPR": false,
  "droneci": Object {
    "fileMatch": Array [
      "(^|/).drone.yml$",
    ],
  },
  "dryRun": false,
  "enabled": true,
  "enabledManagers": Array [],
  "encrypted": null,
  "endpoint": null,
  "excludeCommitPaths": Array [],
  "exposeAllEnv": false,
  "extends": Array [],
  "extractVersion": null,
  "fetchReleaseNotes": true,
  "fileMatch": Array [],
  "filterUnavailableUsers": false,
  "followTag": null,
  "force": Object {
    "readHomeDirFiles": true,
  },
  "forceCli": true,
  "forkMode": false,
  "forkToken": "",
  "git-submodules": Object {
    "enabled": false,
    "fileMatch": Array [
      "(^|/).gitmodules$",
    ],
    "versioning": "git",
  },
  "gitAuthor": null,
  "gitIgnoredAuthors": Array [],
  "gitLabAutomerge": false,
  "gitNoVerify": Array [
    "commit",
    "push",
  ],
  "gitPrivateKey": null,
  "github-actions": Object {
    "fileMatch": Array [
      "^(workflow-templates|\\\\.github\\\\/workflows)\\\\/[^/]+\\\\.ya?ml$",
    ],
  },
  "gitlabci": Object {
    "fileMatch": Array [
      "\\\\.gitlab-ci\\\\.yml$",
    ],
  },
  "gitlabci-include": Object {
    "fileMatch": Array [
      "^\\\\.gitlab-ci\\\\.yml$",
    ],
  },
  "golang": Object {
    "commitMessageTopic": "module {{depName}}",
  },
  "gomod": Object {
    "fileMatch": Array [
      "(^|/)go.mod$",
    ],
  },
  "gradle": Object {
    "fileMatch": Array [
      "\\\\.gradle(\\\\.kts)?$",
      "(^|/)gradle.properties$",
    ],
    "timeout": 600,
    "versioning": "gradle",
  },
  "gradle-lite": Object {
    "enabled": false,
    "fileMatch": Array [
      "(^|/)gradle.properties$",
      "\\\\.gradle(\\\\.kts)?$",
    ],
    "versioning": "gradle",
  },
  "gradle-wrapper": Object {
    "fileMatch": Array [
      "(^|/)gradle/wrapper/gradle-wrapper.properties$",
    ],
    "versioning": "gradle",
  },
  "group": Object {
    "branchTopic": "{{{groupSlug}}}",
    "commitMessageTopic": "{{{groupName}}}",
  },
  "groupName": null,
  "groupSlug": null,
  "hashedBranchLength": null,
  "helm-requirements": Object {
    "aliases": Object {
      "stable": "https://charts.helm.sh/stable",
    },
    "commitMessageTopic": "helm chart {{depName}}",
    "fileMatch": Array [
      "(^|/)requirements\\\\.yaml$",
    ],
  },
  "helm-values": Object {
    "commitMessageTopic": "helm values {{depName}}",
    "fileMatch": Array [
      "(^|/)values.yaml$",
    ],
    "pinDigests": false,
  },
  "helmfile": Object {
    "aliases": Object {
      "stable": "https://charts.helm.sh/stable",
    },
    "commitMessageTopic": "helm chart {{depName}}",
    "fileMatch": Array [
      "(^|/)helmfile.yaml$",
    ],
  },
  "helmv3": Object {
    "aliases": Object {
      "stable": "https://charts.helm.sh/stable",
    },
    "commitMessageTopic": "helm chart {{depName}}",
    "fileMatch": Array [
      "(^|/)Chart.yaml$",
    ],
  },
  "homebrew": Object {
    "commitMessageTopic": "Homebrew Formula {{depName}}",
    "fileMatch": Array [
      "^Formula/[^/]+[.]rb$",
    ],
  },
  "hostRules": Array [
    Object {
      "timeout": 60000,
    },
  ],
  "html": Object {
    "digest": Object {
      "enabled": false,
    },
    "fileMatch": Array [
      "\\\\.html?$",
    ],
    "pinDigests": false,
    "versioning": "semver",
  },
  "ignoreDeprecated": true,
  "ignoreDeps": Array [],
  "ignorePaths": Array [
    "**/node_modules/**",
    "**/bower_components/**",
  ],
  "ignorePrAuthor": false,
  "ignorePresets": Array [],
  "ignoreScripts": false,
  "ignoreUnstable": true,
  "includeForks": false,
  "includePaths": Array [],
  "internalChecksFilter": "none",
  "java": Object {},
  "jenkins": Object {
    "fileMatch": Array [
      "(^|/)plugins\\\\.(txt|ya?ml)$",
    ],
  },
  "js": Object {},
  "kubernetes": Object {
    "fileMatch": Array [],
  },
  "kustomize": Object {
    "fileMatch": Array [
      "(^|/)kustomization\\\\.yaml",
    ],
    "pinDigests": false,
  },
  "labels": Array [],
  "leiningen": Object {
    "fileMatch": Array [
      "(^|/)project\\\\.clj$",
    ],
    "versioning": "maven",
  },
  "lockFileMaintenance": Object {
    "branchTopic": "lock-file-maintenance",
    "commitMessageAction": "Lock file maintenance",
    "commitMessageExtra": null,
    "commitMessageTopic": null,
    "enabled": false,
    "groupName": null,
    "prBodyDefinitions": Object {
      "Change": "All locks refreshed",
    },
    "rebaseStalePrs": true,
    "recreateClosed": true,
    "schedule": Array [
      "before 5am on monday",
    ],
  },
  "logContext": null,
  "major": Object {},
  "maven": Object {
    "fileMatch": Array [
      "\\\\.pom\\\\.xml$",
      "(^|/)pom\\\\.xml$",
    ],
    "versioning": "maven",
  },
  "meteor": Object {
    "fileMatch": Array [
      "(^|/)package.js$",
    ],
  },
  "migratePresets": Object {},
  "minor": Object {},
  "mix": Object {
    "fileMatch": Array [
      "(^|/)mix\\\\.exs$",
    ],
    "versioning": "hex",
  },
  "node": Object {
    "commitMessageTopic": "Node.js",
  },
  "nodenv": Object {
    "fileMatch": Array [
      "(^|/).node-version$",
    ],
    "versioning": "node",
  },
  "npm": Object {
    "fileMatch": Array [
      "(^|/)package.json$",
    ],
    "prBodyDefinitions": Object {
      "Change": "[{{#if displayFrom}}\`{{{displayFrom}}}\` -> {{else}}{{#if currentValue}}\`{{{currentValue}}}\` -> {{/if}}{{/if}}{{#if displayTo}}\`{{{displayTo}}}\`{{else}}\`{{{newValue}}}\`{{/if}}]({{#if depName}}https://renovatebot.com/diffs/npm/{{replace '/' '%2f' depName}}/{{{currentVersion}}}/{{{newVersion}}}{{/if}})",
    },
    "rollbackPrs": true,
    "versioning": "npm",
  },
  "npmToken": null,
  "npmrc": null,
  "nuget": Object {
    "fileMatch": Array [
      "\\\\.(?:cs|fs|vb)proj$",
      "\\\\.(?:props|targets)$",
      "\\\\.config\\\\/dotnet-tools\\\\.json$",
    ],
  },
  "nvm": Object {
    "fileMatch": Array [
      "(^|/)\\\\.nvmrc$",
    ],
    "pinDigests": false,
    "versioning": "node",
  },
  "onboarding": true,
  "onboardingBranch": "renovate/configure",
  "onboardingCommitMessage": null,
  "onboardingConfig": Object {
    "$schema": "https://docs.renovatebot.com/renovate-schema.json",
  },
  "onboardingConfigFileName": "renovate.json",
  "onboardingPrTitle": "Configure Renovate",
  "optimizeForDisabled": false,
  "packageRules": Array [],
  "password": null,
  "patch": Object {},
  "persistRepoData": false,
  "php": Object {},
  "pin": Object {
    "commitMessageAction": "Pin",
    "group": Object {
      "commitMessageExtra": "",
      "commitMessageTopic": "dependencies",
    },
    "groupName": "Pin Dependencies",
    "groupSlug": "pin-dependencies",
    "rebaseWhen": "behind-base-branch",
  },
  "pinDigests": false,
  "pip-compile": Object {
    "fileMatch": Array [],
    "lockFileMaintenance": Object {
      "branchTopic": "pip-compile-refresh",
      "commitMessageAction": "Refresh pip-compile outputs",
      "enabled": true,
    },
  },
  "pip_requirements": Object {
    "fileMatch": Array [
      "(^|/)([\\\\w-]*)requirements.(txt|pip)$",
    ],
  },
  "pip_setup": Object {
    "fileMatch": Array [
      "(^|/)setup.py$",
    ],
  },
  "pipenv": Object {
    "fileMatch": Array [
      "(^|/)Pipfile$",
    ],
  },
  "platform": "github",
  "poetry": Object {
    "fileMatch": Array [
      "(^|/)pyproject\\\\.toml$",
    ],
  },
  "postUpdateOptions": Array [],
  "postUpgradeTasks": Object {
    "commands": Array [],
    "executionMode": "update",
    "fileFilters": Array [],
  },
  "prBodyColumns": Array [
    "Package",
    "Type",
    "Update",
    "Change",
  ],
  "prBodyDefinitions": Object {
    "Change": "\`{{{displayFrom}}}\` -> \`{{{displayTo}}}\`",
    "Current value": "{{{currentValue}}}",
    "New value": "{{{newValue}}}",
    "Package": "{{{depNameLinked}}}",
    "Package file": "{{{packageFile}}}",
    "References": "{{{references}}}",
    "Type": "{{{depType}}}",
    "Update": "{{{updateType}}}",
  },
  "prBodyNotes": Array [],
  "prBodyTemplate": "{{{header}}}{{{table}}}{{{notes}}}{{{changelogs}}}{{{configDescription}}}{{{controls}}}{{{footer}}}",
  "prCommitsPerRunLimit": 0,
  "prConcurrentLimit": 0,
  "prCreation": "immediate",
  "prFooter": "This PR has been generated by [Renovate Bot](https://github.com/renovatebot/renovate).",
  "prHeader": null,
  "prHourlyLimit": 0,
  "prNotPendingHours": 25,
  "prPriority": 0,
  "prTitle": null,
  "pre-commit": Object {
    "commitMessageTopic": "precommit hook {{depName}}",
    "fileMatch": Array [
      "(^|/)\\\\.pre-commit-config\\\\.yaml$",
    ],
  },
  "printConfig": false,
  "privateKey": null,
  "privateKeyPath": null,
  "productLinks": Object {
    "documentation": "https://docs.renovatebot.com/",
    "help": "https://github.com/renovatebot/renovate/discussions",
    "homepage": "https://github.com/renovatebot/renovate",
  },
  "pruneStaleBranches": true,
  "pub": Object {
    "fileMatch": Array [
      "(^|/)pubspec\\\\.ya?ml$",
    ],
    "versioning": "npm",
  },
  "pyenv": Object {
    "fileMatch": Array [
      "(^|/).python-version$",
    ],
    "versioning": "docker",
  },
  "python": Object {
    "versioning": "pep440",
  },
  "rangeStrategy": "replace",
  "readHomeDirFiles": true,
  "rebaseLabel": "rebase",
  "rebaseWhen": "auto",
  "recreateClosed": false,
  "redisUrl": null,
  "regex": Object {
    "pinDigests": false,
  },
  "regexManagers": Array [],
  "registryUrls": null,
  "repositories": Array [],
  "repositoryCache": "disabled",
  "requireConfig": true,
  "requiredStatusChecks": Array [],
  "respectLatest": true,
  "reviewers": Array [],
  "reviewersFromCodeOwners": false,
  "reviewersSampleSize": null,
  "rollback": Object {
    "branchTopic": "{{{depNameSanitized}}}-rollback",
    "commitMessageAction": "Roll back",
    "semanticCommitType": "fix",
  },
  "rollbackPrs": false,
  "ruby": Object {},
  "ruby-version": Object {
    "fileMatch": Array [
      "(^|/)\\\\.ruby-version$",
    ],
    "versioning": "ruby",
  },
  "rust": Object {},
  "sbt": Object {
    "fileMatch": Array [
      "\\\\.sbt$",
      "project/[^/]*.scala$",
    ],
    "versioning": "ivy",
  },
  "schedule": Array [
    "at any time",
  ],
  "secrets": Object {},
  "semanticCommitScope": "deps",
  "semanticCommitType": "chore",
  "semanticCommits": "auto",
  "separateMajorMinor": true,
  "separateMinorPatch": false,
  "separateMultipleMajor": false,
  "setup-cfg": Object {
    "fileMatch": Array [
      "(^|/)setup\\\\.cfg$",
    ],
    "versioning": "pep440",
  },
  "skipInstalls": null,
  "stabilityDays": 0,
  "supportPolicy": Array [],
  "suppressNotifications": Array [
    "deprecationWarningIssues",
  ],
  "swift": Object {
    "fileMatch": Array [
      "(^|/)Package\\\\.swift",
    ],
    "rangeStrategy": "bump",
    "versioning": "swift",
  },
  "terraform": Object {
    "commitMessageTopic": "Terraform {{managerData.terraformDependencyType}} {{depName}}",
    "fileMatch": Array [
      "\\\\.tf$",
    ],
    "versioning": "hashicorp",
  },
  "terraform-version": Object {
    "extractVersion": "^v(?<version>.*)$",
    "fileMatch": Array [
      "(^|/)\\\\.terraform-version$",
    ],
    "versioning": "hashicorp",
  },
  "terragrunt": Object {
    "commitMessageTopic": "Terragrunt dependency {{depName}}",
    "fileMatch": Array [
      "(^|/)terragrunt\\\\.hcl$",
    ],
    "versioning": "hashicorp",
  },
  "terragrunt-version": Object {
    "extractVersion": "^v(?<version>.+)$",
    "fileMatch": Array [
      "(^|/)\\\\.terragrunt-version$",
    ],
    "versioning": "hashicorp",
  },
  "timezone": null,
  "token": null,
  "transitiveRemediation": false,
  "travis": Object {
    "fileMatch": Array [
      "^.travis.yml$",
    ],
    "versioning": "node",
  },
  "unicodeEmoji": true,
  "updateInternalDeps": false,
  "updateLockFiles": true,
  "updateNotScheduled": true,
  "username": null,
  "versioning": null,
  "vulnerabilityAlerts": Object {
    "branchTopic": "{{{datasource}}}-{{{depName}}}-vulnerability",
    "commitMessageSuffix": "[SECURITY]",
    "dependencyDashboardApproval": false,
    "groupName": null,
    "prCreation": "immediate",
    "rangeStrategy": "update-lockfile",
    "schedule": Array [],
  },
  "yarnrc": null,
}
`;
